// Jest Snapshot v1, https://goo.gl/fbAQLP

exports[`<LandingPage /> Should match the page with a snapshot 1`] = `
<div
  className="LandingPage"
>
  <ForwardRef
    to="/search"
  >
    <img
      alt="Nasa logo"
      src="NasaLogo.png"
    />
  </ForwardRef>
  <h1>
    Nasa Image Search Page
  </h1>
  <p>
    Please click the picture to start your search
  </p>
</div>
`;
