// Jest Snapshot v1, https://goo.gl/fbAQLP

exports[`<SingleItem /> Component matches the snapshot 1`] = `
<div>
  <Loading />
</div>
`;
